#-----------------------------------------------------------
# Webtalk v2020.2 (64-bit)
# SW Build 3064766 on Wed Nov 18 09:12:45 MST 2020
# IP Build 3064653 on Wed Nov 18 14:17:31 MST 2020
# Start of session at: Thu Apr  8 13:54:43 2021
# Process ID: 9172
# Current directory: C:/Users/uncoo/Documents/Source/Verilog/instruction_fetch/instruction_fetch.sim/sim_1/impl/func/xsim
# Command line: wbtcv.exe -mode batch -source C:/Users/uncoo/Documents/Source/Verilog/instruction_fetch/instruction_fetch.sim/sim_1/impl/func/xsim/xsim.dir/instr_fetch_testbench_func_impl/webtalk/xsim_webtalk.tcl -notrace
# Log file: C:/Users/uncoo/Documents/Source/Verilog/instruction_fetch/instruction_fetch.sim/sim_1/impl/func/xsim/webtalk.log
# Journal file: C:/Users/uncoo/Documents/Source/Verilog/instruction_fetch/instruction_fetch.sim/sim_1/impl/func/xsim\webtalk.jou
#-----------------------------------------------------------
source C:/Users/uncoo/Documents/Source/Verilog/instruction_fetch/instruction_fetch.sim/sim_1/impl/func/xsim/xsim.dir/instr_fetch_testbench_func_impl/webtalk/xsim_webtalk.tcl -notrace
